<?xml version="1.0" encoding="utf-8"?><testsuites><testsuite errors="0" failures="0" hostname="2c04cbb0c208" name="pytest" skipped="0" tests="7" time="1.197" timestamp="2020-05-13T20:19:35.658432"><testcase classname="test_sql_extractions.TestSQLExtraction" name="test_c4k_certificate" time="0.097"></testcase><testcase classname="test_sql_extractions.TestSQLExtraction" name="test_cdc_revenue" time="0.082"></testcase><testcase classname="test_sql_extractions.TestSQLExtraction" name="test_count_number_of_families" time="0.041"></testcase><testcase classname="test_sql_extractions.TestSQLExtraction" name="test_extra_revenue" time="0.016"></testcase><testcase classname="test_sql_extractions.TestSQLExtraction" name="test_space_capacity" time="0.026"></testcase><testcase classname="test_sql_extractions.TestSQLExtraction" name="test_space_utilization" time="0.027"></testcase><testcase classname="test_sql_extractions.TestSQLExtraction" name="test_unsubmitted_enrollment_report" time="0.028"></testcase></testsuite></testsuites>